Recovering nucleus labels: initialization 0 (seed 1000), 32,768 positions, T_s = 0.12, 0.24, 0.36, 0.48, 0.6, 1.2
Loss temperatures: T_g = 1, 1, 1, 1, 1, 1
  measured directional fields at T_g = 0.12, 0.24, 0.36, 0.48, 0.6, 1, 1.2
Forward batch size: 4 (historical realized metadata)

Exact histogram gate, per sampling temperature:
       T  exact match    bins  max diff  sum |diff|
    0.12          yes       0         0           0
    0.24          yes       0         0           0
    0.36          yes       0         0           0
    0.48          yes       0         0           0
    0.60          yes       0         0           0
    1.20          yes       0         0           0
  all 6 temperatures reproduce the recorded counts exactly.
{
  "by_temperature": [
    {
      "between": 0.0010324013536595318,
      "delta": 0.09090416431027538,
      "fraction_positions_in_qualifying": 0.80255126953125,
      "loss_temperature": 1.0,
      "null_delta_high": 0.0002688682132882198,
      "null_delta_low": -0.00021403808527532478,
      "num_qualifying_classes": 4641,
      "sampling_temperature": 0.12,
      "singleton_fraction": 0.5823058230582305,
      "within": 0.09193656566393492
    },
    {
      "between": 0.0011595976030101688,
      "delta": 0.049118191127421953,
      "fraction_positions_in_qualifying": 0.677337646484375,
      "loss_temperature": 1.0,
      "null_delta_high": 0.0005670318694515647,
      "null_delta_low": -0.0005444938500990287,
      "num_qualifying_classes": 7982,
      "sampling_temperature": 0.24,
      "singleton_fraction": 0.5698194556723255,
      "within": 0.05027778873043212
    },
    {
      "between": 0.0011624248423880137,
      "delta": 0.010724288410528093,
      "fraction_positions_in_qualifying": 0.65142822265625,
      "loss_temperature": 1.0,
      "null_delta_high": 0.0007496190027952998,
      "null_delta_low": -0.000852207121390841,
      "num_qualifying_classes": 8604,
      "sampling_temperature": 0.36,
      "singleton_fraction": 0.5703585339059223,
      "within": 0.011886713252916107
    },
    {
      "between": 0.001162680529851736,
      "delta": 0.003707498392949106,
      "fraction_positions_in_qualifying": 0.6455078125,
      "loss_temperature": 1.0,
      "null_delta_high": 0.0007599663501884216,
      "null_delta_low": -0.0007477629507351204,
      "num_qualifying_classes": 8739,
      "sampling_temperature": 0.48,
      "singleton_fraction": 0.5706705969049374,
      "within": 0.004870178922800842
    },
    {
      "between": 0.0011627494524315328,
      "delta": 0.0015584149967326959,
      "fraction_positions_in_qualifying": 0.645416259765625,
      "loss_temperature": 1.0,
      "null_delta_high": 0.0008397627142453954,
      "null_delta_low": -0.0008724929326111197,
      "num_qualifying_classes": 8768,
      "sampling_temperature": 0.6,
      "singleton_fraction": 0.569922009123461,
      "within": 0.0027211644491642287
    },
    {
      "between": 0.001162789728585443,
      "delta": 0.00028939451477923844,
      "fraction_positions_in_qualifying": 0.642242431640625,
      "loss_temperature": 1.0,
      "null_delta_high": 0.0007445740861802641,
      "null_delta_low": -0.0009487555409396787,
      "num_qualifying_classes": 8733,
      "sampling_temperature": 1.2,
      "singleton_fraction": 0.573083691826359,
      "within": 0.0014521842433646815
    }
  ],
  "forward_batch_size": 4,
  "forward_batch_size_source": "historical",
  "histogram_gate": "exact match at every temperature",
  "historical_forward_batch_size": 4,
  "initialization_index": 0,
  "loss_temperatures": [
    1.0,
    1.0,
    1.0,
    1.0,
    1.0,
    1.0
  ],
  "model_seed": 1000,
  "num_directional_fields_read": 1,
  "num_pairs_reused": 0,
  "num_positions": 32768,
  "num_unique_loss_temperatures": 1,
  "num_unique_sampling_temperatures": 6,
  "permutations": 256,
  "references": {
    "greedy": 0.11797312858987274,
    "target": 0.12987425682590678
  },
  "references_by_loss_temperature": {
    "1": {
      "greedy": 0.11797312858987274,
      "target": 0.12987425682590678
    }
  },
  "sampling_temperatures": [
    0.12,
    0.24,
    0.36,
    0.48,
    0.6,
    1.2
  ]
}

Artifact written: /home/EAWAG/francaem/restored/IGB_LLMs_LossTempGeometry_7ef6b4a_20260824-181907/outputs/full_loss_temperature_geometry/initialization_distribution/20260824-174741__wikitext2-raw-train1k__mistral-7b-v0.1-32k__llama-tiny-32k__N32768-I12-R1__c230733d/analyses/nucleus_gradient_clustering.npz
